Archive member included to satisfy reference by file (symbol)

c:/program files (x86)/atmel/studio/7.0/toolchain/avr8/avr8-gnu-toolchain/bin/../lib/gcc/avr/5.4.0/avr5\libgcc.a(_exit.o)
                              C:/Program Files (x86)/Atmel/Studio/7.0/Packs/atmel/ATmega_DFP/1.7.374/gcc/dev/atmega32/avr5/crtatmega32.o (exit)
c:/program files (x86)/atmel/studio/7.0/toolchain/avr8/avr8-gnu-toolchain/bin/../lib/gcc/avr/5.4.0/avr5\libgcc.a(_copy_data.o)
                              HAL/Keypad/KeyPad_Cfg.o (__do_copy_data)
c:/program files (x86)/atmel/studio/7.0/toolchain/avr8/avr8-gnu-toolchain/bin/../lib/gcc/avr/5.4.0/avr5\libgcc.a(_clear_bss.o)
                              MCAL/External_Interrupt/EX_Interrupt.o (__do_clear_bss)

Discarded input sections

 .data          0x00000000        0x0 C:/Program Files (x86)/Atmel/Studio/7.0/Packs/atmel/ATmega_DFP/1.7.374/gcc/dev/atmega32/avr5/crtatmega32.o
 .bss           0x00000000        0x0 C:/Program Files (x86)/Atmel/Studio/7.0/Packs/atmel/ATmega_DFP/1.7.374/gcc/dev/atmega32/avr5/crtatmega32.o
 .text          0x00000000        0x0 HAL/Keypad/KeyPad.o
 .data          0x00000000        0x0 HAL/Keypad/KeyPad.o
 .bss           0x00000000        0x0 HAL/Keypad/KeyPad.o
 .text.KEYPAD_voidInit
                0x00000000       0x22 HAL/Keypad/KeyPad.o
 .text.KEYPAD_u8Getkey
                0x00000000       0x76 HAL/Keypad/KeyPad.o
 .debug_info    0x00000000      0x2ad HAL/Keypad/KeyPad.o
 .debug_abbrev  0x00000000       0xf4 HAL/Keypad/KeyPad.o
 .debug_loc     0x00000000       0xbf HAL/Keypad/KeyPad.o
 .debug_aranges
                0x00000000       0x28 HAL/Keypad/KeyPad.o
 .debug_ranges  0x00000000       0x18 HAL/Keypad/KeyPad.o
 .debug_line    0x00000000      0x114 HAL/Keypad/KeyPad.o
 .debug_str     0x00000000      0x261 HAL/Keypad/KeyPad.o
 .comment       0x00000000       0x31 HAL/Keypad/KeyPad.o
 .debug_frame   0x00000000       0x50 HAL/Keypad/KeyPad.o
 .text          0x00000000        0x0 HAL/Keypad/KeyPad_Cfg.o
 .data          0x00000000        0x0 HAL/Keypad/KeyPad_Cfg.o
 .bss           0x00000000        0x0 HAL/Keypad/KeyPad_Cfg.o
 .rodata.KeysArray
                0x00000000       0x10 HAL/Keypad/KeyPad_Cfg.o
 .debug_info    0x00000000       0x8b HAL/Keypad/KeyPad_Cfg.o
 .debug_abbrev  0x00000000       0x52 HAL/Keypad/KeyPad_Cfg.o
 .debug_aranges
                0x00000000       0x18 HAL/Keypad/KeyPad_Cfg.o
 .debug_line    0x00000000       0x49 HAL/Keypad/KeyPad_Cfg.o
 .debug_str     0x00000000      0x158 HAL/Keypad/KeyPad_Cfg.o
 .comment       0x00000000       0x31 HAL/Keypad/KeyPad_Cfg.o
 .text          0x00000000        0x0 HAL/SevenSegment/SevenSegment.o
 .data          0x00000000        0x0 HAL/SevenSegment/SevenSegment.o
 .bss           0x00000000        0x0 HAL/SevenSegment/SevenSegment.o
 .text.SeventSegment_Init
                0x00000000        0x2 HAL/SevenSegment/SevenSegment.o
 .text.SeventSegment_OFF
                0x00000000       0x38 HAL/SevenSegment/SevenSegment.o
 .text          0x00000000        0x0 main.o
 .data          0x00000000        0x0 main.o
 .bss           0x00000000        0x0 main.o
 .text          0x00000000        0x0 MCAL/DIO/DIO.o
 .data          0x00000000        0x0 MCAL/DIO/DIO.o
 .bss           0x00000000        0x0 MCAL/DIO/DIO.o
 .text.DIO_ReadPin
                0x00000000       0x70 MCAL/DIO/DIO.o
 .text.DIO_voidTogglePin
                0x00000000       0x82 MCAL/DIO/DIO.o
 .text.DIO_u8ReadPort
                0x00000000       0x24 MCAL/DIO/DIO.o
 .text          0x00000000        0x0 MCAL/DIO/DIO_Cfg.o
 .data          0x00000000        0x0 MCAL/DIO/DIO_Cfg.o
 .bss           0x00000000        0x0 MCAL/DIO/DIO_Cfg.o
 .text          0x00000000        0x0 MCAL/External_Interrupt/EX_Interrupt.o
 .data          0x00000000        0x0 MCAL/External_Interrupt/EX_Interrupt.o
 .bss           0x00000000        0x0 MCAL/External_Interrupt/EX_Interrupt.o
 .text.EXI_voidDisable
                0x00000000       0x24 MCAL/External_Interrupt/EX_Interrupt.o
 .text.EXI_voidInit
                0x00000000       0x1a MCAL/External_Interrupt/EX_Interrupt.o
 .text.EXI_voidSetCallBack
                0x00000000       0x2a MCAL/External_Interrupt/EX_Interrupt.o
 .text          0x00000000        0x0 c:/program files (x86)/atmel/studio/7.0/toolchain/avr8/avr8-gnu-toolchain/bin/../lib/gcc/avr/5.4.0/avr5\libgcc.a(_exit.o)
 .data          0x00000000        0x0 c:/program files (x86)/atmel/studio/7.0/toolchain/avr8/avr8-gnu-toolchain/bin/../lib/gcc/avr/5.4.0/avr5\libgcc.a(_exit.o)
 .bss           0x00000000        0x0 c:/program files (x86)/atmel/studio/7.0/toolchain/avr8/avr8-gnu-toolchain/bin/../lib/gcc/avr/5.4.0/avr5\libgcc.a(_exit.o)
 .text.libgcc.mul
                0x00000000        0x0 c:/program files (x86)/atmel/studio/7.0/toolchain/avr8/avr8-gnu-toolchain/bin/../lib/gcc/avr/5.4.0/avr5\libgcc.a(_exit.o)
 .text.libgcc.div
                0x00000000        0x0 c:/program files (x86)/atmel/studio/7.0/toolchain/avr8/avr8-gnu-toolchain/bin/../lib/gcc/avr/5.4.0/avr5\libgcc.a(_exit.o)
 .text.libgcc   0x00000000        0x0 c:/program files (x86)/atmel/studio/7.0/toolchain/avr8/avr8-gnu-toolchain/bin/../lib/gcc/avr/5.4.0/avr5\libgcc.a(_exit.o)
 .text.libgcc.prologue
                0x00000000        0x0 c:/program files (x86)/atmel/studio/7.0/toolchain/avr8/avr8-gnu-toolchain/bin/../lib/gcc/avr/5.4.0/avr5\libgcc.a(_exit.o)
 .text.libgcc.builtins
                0x00000000        0x0 c:/program files (x86)/atmel/studio/7.0/toolchain/avr8/avr8-gnu-toolchain/bin/../lib/gcc/avr/5.4.0/avr5\libgcc.a(_exit.o)
 .text.libgcc.fmul
                0x00000000        0x0 c:/program files (x86)/atmel/studio/7.0/toolchain/avr8/avr8-gnu-toolchain/bin/../lib/gcc/avr/5.4.0/avr5\libgcc.a(_exit.o)
 .text.libgcc.fixed
                0x00000000        0x0 c:/program files (x86)/atmel/studio/7.0/toolchain/avr8/avr8-gnu-toolchain/bin/../lib/gcc/avr/5.4.0/avr5\libgcc.a(_exit.o)
 .text          0x00000000        0x0 c:/program files (x86)/atmel/studio/7.0/toolchain/avr8/avr8-gnu-toolchain/bin/../lib/gcc/avr/5.4.0/avr5\libgcc.a(_copy_data.o)
 .data          0x00000000        0x0 c:/program files (x86)/atmel/studio/7.0/toolchain/avr8/avr8-gnu-toolchain/bin/../lib/gcc/avr/5.4.0/avr5\libgcc.a(_copy_data.o)
 .bss           0x00000000        0x0 c:/program files (x86)/atmel/studio/7.0/toolchain/avr8/avr8-gnu-toolchain/bin/../lib/gcc/avr/5.4.0/avr5\libgcc.a(_copy_data.o)
 .text.libgcc.mul
                0x00000000        0x0 c:/program files (x86)/atmel/studio/7.0/toolchain/avr8/avr8-gnu-toolchain/bin/../lib/gcc/avr/5.4.0/avr5\libgcc.a(_copy_data.o)
 .text.libgcc.div
                0x00000000        0x0 c:/program files (x86)/atmel/studio/7.0/toolchain/avr8/avr8-gnu-toolchain/bin/../lib/gcc/avr/5.4.0/avr5\libgcc.a(_copy_data.o)
 .text.libgcc   0x00000000        0x0 c:/program files (x86)/atmel/studio/7.0/toolchain/avr8/avr8-gnu-toolchain/bin/../lib/gcc/avr/5.4.0/avr5\libgcc.a(_copy_data.o)
 .text.libgcc.prologue
                0x00000000        0x0 c:/program files (x86)/atmel/studio/7.0/toolchain/avr8/avr8-gnu-toolchain/bin/../lib/gcc/avr/5.4.0/avr5\libgcc.a(_copy_data.o)
 .text.libgcc.builtins
                0x00000000        0x0 c:/program files (x86)/atmel/studio/7.0/toolchain/avr8/avr8-gnu-toolchain/bin/../lib/gcc/avr/5.4.0/avr5\libgcc.a(_copy_data.o)
 .text.libgcc.fmul
                0x00000000        0x0 c:/program files (x86)/atmel/studio/7.0/toolchain/avr8/avr8-gnu-toolchain/bin/../lib/gcc/avr/5.4.0/avr5\libgcc.a(_copy_data.o)
 .text.libgcc.fixed
                0x00000000        0x0 c:/program files (x86)/atmel/studio/7.0/toolchain/avr8/avr8-gnu-toolchain/bin/../lib/gcc/avr/5.4.0/avr5\libgcc.a(_copy_data.o)
 .text          0x00000000        0x0 c:/program files (x86)/atmel/studio/7.0/toolchain/avr8/avr8-gnu-toolchain/bin/../lib/gcc/avr/5.4.0/avr5\libgcc.a(_clear_bss.o)
 .data          0x00000000        0x0 c:/program files (x86)/atmel/studio/7.0/toolchain/avr8/avr8-gnu-toolchain/bin/../lib/gcc/avr/5.4.0/avr5\libgcc.a(_clear_bss.o)
 .bss           0x00000000        0x0 c:/program files (x86)/atmel/studio/7.0/toolchain/avr8/avr8-gnu-toolchain/bin/../lib/gcc/avr/5.4.0/avr5\libgcc.a(_clear_bss.o)
 .text.libgcc.mul
                0x00000000        0x0 c:/program files (x86)/atmel/studio/7.0/toolchain/avr8/avr8-gnu-toolchain/bin/../lib/gcc/avr/5.4.0/avr5\libgcc.a(_clear_bss.o)
 .text.libgcc.div
                0x00000000        0x0 c:/program files (x86)/atmel/studio/7.0/toolchain/avr8/avr8-gnu-toolchain/bin/../lib/gcc/avr/5.4.0/avr5\libgcc.a(_clear_bss.o)
 .text.libgcc   0x00000000        0x0 c:/program files (x86)/atmel/studio/7.0/toolchain/avr8/avr8-gnu-toolchain/bin/../lib/gcc/avr/5.4.0/avr5\libgcc.a(_clear_bss.o)
 .text.libgcc.prologue
                0x00000000        0x0 c:/program files (x86)/atmel/studio/7.0/toolchain/avr8/avr8-gnu-toolchain/bin/../lib/gcc/avr/5.4.0/avr5\libgcc.a(_clear_bss.o)
 .text.libgcc.builtins
                0x00000000        0x0 c:/program files (x86)/atmel/studio/7.0/toolchain/avr8/avr8-gnu-toolchain/bin/../lib/gcc/avr/5.4.0/avr5\libgcc.a(_clear_bss.o)
 .text.libgcc.fmul
                0x00000000        0x0 c:/program files (x86)/atmel/studio/7.0/toolchain/avr8/avr8-gnu-toolchain/bin/../lib/gcc/avr/5.4.0/avr5\libgcc.a(_clear_bss.o)
 .text.libgcc.fixed
                0x00000000        0x0 c:/program files (x86)/atmel/studio/7.0/toolchain/avr8/avr8-gnu-toolchain/bin/../lib/gcc/avr/5.4.0/avr5\libgcc.a(_clear_bss.o)

Memory Configuration

Name             Origin             Length             Attributes
text             0x00000000         0x00008000         xr
data             0x00800060         0x00000800         rw !x
eeprom           0x00810000         0x00000400         rw !x
fuse             0x00820000         0x00000002         rw !x
lock             0x00830000         0x00000400         rw !x
signature        0x00840000         0x00000400         rw !x
user_signatures  0x00850000         0x00000400         rw !x
*default*        0x00000000         0xffffffff

Linker script and memory map

LOAD C:/Program Files (x86)/Atmel/Studio/7.0/Packs/atmel/ATmega_DFP/1.7.374/gcc/dev/atmega32/avr5/crtatmega32.o
LOAD HAL/Keypad/KeyPad.o
LOAD HAL/Keypad/KeyPad_Cfg.o
LOAD HAL/SevenSegment/SevenSegment.o
LOAD main.o
LOAD MCAL/DIO/DIO.o
LOAD MCAL/DIO/DIO_Cfg.o
LOAD MCAL/External_Interrupt/EX_Interrupt.o
START GROUP
LOAD c:/program files (x86)/atmel/studio/7.0/toolchain/avr8/avr8-gnu-toolchain/bin/../lib/gcc/avr/5.4.0/../../../../avr/lib/avr5\libm.a
END GROUP
START GROUP
LOAD c:/program files (x86)/atmel/studio/7.0/toolchain/avr8/avr8-gnu-toolchain/bin/../lib/gcc/avr/5.4.0/avr5\libgcc.a
LOAD c:/program files (x86)/atmel/studio/7.0/toolchain/avr8/avr8-gnu-toolchain/bin/../lib/gcc/avr/5.4.0/../../../../avr/lib/avr5\libm.a
LOAD c:/program files (x86)/atmel/studio/7.0/toolchain/avr8/avr8-gnu-toolchain/bin/../lib/gcc/avr/5.4.0/../../../../avr/lib/avr5\libc.a
LOAD C:/Program Files (x86)/Atmel/Studio/7.0/Packs/atmel/ATmega_DFP/1.7.374/gcc/dev/atmega32/avr5\libatmega32.a
END GROUP
                0x00000000                __TEXT_REGION_ORIGIN__ = DEFINED (__TEXT_REGION_ORIGIN__)?__TEXT_REGION_ORIGIN__:0x0
                [0x00800060]                __DATA_REGION_ORIGIN__ = DEFINED (__DATA_REGION_ORIGIN__)?__DATA_REGION_ORIGIN__:0x800060
                [0x00008000]                __TEXT_REGION_LENGTH__ = DEFINED (__TEXT_REGION_LENGTH__)?__TEXT_REGION_LENGTH__:0x20000
                [0x00000800]                __DATA_REGION_LENGTH__ = DEFINED (__DATA_REGION_LENGTH__)?__DATA_REGION_LENGTH__:0xffa0
                [0x00000400]                __EEPROM_REGION_LENGTH__ = DEFINED (__EEPROM_REGION_LENGTH__)?__EEPROM_REGION_LENGTH__:0x10000
                [0x00000002]                __FUSE_REGION_LENGTH__ = DEFINED (__FUSE_REGION_LENGTH__)?__FUSE_REGION_LENGTH__:0x400
                0x00000400                __LOCK_REGION_LENGTH__ = DEFINED (__LOCK_REGION_LENGTH__)?__LOCK_REGION_LENGTH__:0x400
                0x00000400                __SIGNATURE_REGION_LENGTH__ = DEFINED (__SIGNATURE_REGION_LENGTH__)?__SIGNATURE_REGION_LENGTH__:0x400
                0x00000400                __USER_SIGNATURE_REGION_LENGTH__ = DEFINED (__USER_SIGNATURE_REGION_LENGTH__)?__USER_SIGNATURE_REGION_LENGTH__:0x400

.hash
 *(.hash)

.dynsym
 *(.dynsym)

.dynstr
 *(.dynstr)

.gnu.version
 *(.gnu.version)

.gnu.version_d
 *(.gnu.version_d)

.gnu.version_r
 *(.gnu.version_r)

.rel.init
 *(.rel.init)

.rela.init
 *(.rela.init)

.rel.text
 *(.rel.text)
 *(.rel.text.*)
 *(.rel.gnu.linkonce.t*)

.rela.text
 *(.rela.text)
 *(.rela.text.*)
 *(.rela.gnu.linkonce.t*)

.rel.fini
 *(.rel.fini)

.rela.fini
 *(.rela.fini)

.rel.rodata
 *(.rel.rodata)
 *(.rel.rodata.*)
 *(.rel.gnu.linkonce.r*)

.rela.rodata
 *(.rela.rodata)
 *(.rela.rodata.*)
 *(.rela.gnu.linkonce.r*)

.rel.data
 *(.rel.data)
 *(.rel.data.*)
 *(.rel.gnu.linkonce.d*)

.rela.data
 *(.rela.data)
 *(.rela.data.*)
 *(.rela.gnu.linkonce.d*)

.rel.ctors
 *(.rel.ctors)

.rela.ctors
 *(.rela.ctors)

.rel.dtors
 *(.rel.dtors)

.rela.dtors
 *(.rela.dtors)

.rel.got
 *(.rel.got)

.rela.got
 *(.rela.got)

.rel.bss
 *(.rel.bss)

.rela.bss
 *(.rela.bss)

.rel.plt
 *(.rel.plt)

.rela.plt
 *(.rela.plt)

.text           0x00000000      0x6ac
 *(.vectors)
 .vectors       0x00000000       0x54 C:/Program Files (x86)/Atmel/Studio/7.0/Packs/atmel/ATmega_DFP/1.7.374/gcc/dev/atmega32/avr5/crtatmega32.o
                0x00000000                __vector_default
                0x00000000                __vectors
 *(.vectors)
 *(.progmem.gcc*)
                0x00000054                . = ALIGN (0x2)
                0x00000054                __trampolines_start = .
 *(.trampolines)
 .trampolines   0x00000054        0x0 linker stubs
 *(.trampolines*)
                0x00000054                __trampolines_end = .
 *libprintf_flt.a:*(.progmem.data)
 *libc.a:*(.progmem.data)
 *(.progmem*)
                0x00000054                . = ALIGN (0x2)
 *(.jumptables)
 *(.jumptables*)
 *(.lowtext)
 *(.lowtext*)
                0x00000054                __ctors_start = .
 *(.ctors)
                0x00000054                __ctors_end = .
                0x00000054                __dtors_start = .
 *(.dtors)
                0x00000054                __dtors_end = .
 SORT(*)(.ctors)
 SORT(*)(.dtors)
 *(.init0)
 .init0         0x00000054        0x0 C:/Program Files (x86)/Atmel/Studio/7.0/Packs/atmel/ATmega_DFP/1.7.374/gcc/dev/atmega32/avr5/crtatmega32.o
                0x00000054                __init
 *(.init0)
 *(.init1)
 *(.init1)
 *(.init2)
 .init2         0x00000054        0xc C:/Program Files (x86)/Atmel/Studio/7.0/Packs/atmel/ATmega_DFP/1.7.374/gcc/dev/atmega32/avr5/crtatmega32.o
 *(.init2)
 *(.init3)
 *(.init3)
 *(.init4)
 .init4         0x00000060       0x16 c:/program files (x86)/atmel/studio/7.0/toolchain/avr8/avr8-gnu-toolchain/bin/../lib/gcc/avr/5.4.0/avr5\libgcc.a(_copy_data.o)
                0x00000060                __do_copy_data
 .init4         0x00000076       0x10 c:/program files (x86)/atmel/studio/7.0/toolchain/avr8/avr8-gnu-toolchain/bin/../lib/gcc/avr/5.4.0/avr5\libgcc.a(_clear_bss.o)
                0x00000076                __do_clear_bss
 *(.init4)
 *(.init5)
 *(.init5)
 *(.init6)
 *(.init6)
 *(.init7)
 *(.init7)
 *(.init8)
 *(.init8)
 *(.init9)
 .init9         0x00000086        0x8 C:/Program Files (x86)/Atmel/Studio/7.0/Packs/atmel/ATmega_DFP/1.7.374/gcc/dev/atmega32/avr5/crtatmega32.o
 *(.init9)
 *(.text)
 .text          0x0000008e        0x4 C:/Program Files (x86)/Atmel/Studio/7.0/Packs/atmel/ATmega_DFP/1.7.374/gcc/dev/atmega32/avr5/crtatmega32.o
                0x0000008e                __vector_12
                0x0000008e                __bad_interrupt
                0x0000008e                __vector_6
                0x0000008e                __vector_11
                0x0000008e                __vector_13
                0x0000008e                __vector_17
                0x0000008e                __vector_19
                0x0000008e                __vector_7
                0x0000008e                __vector_5
                0x0000008e                __vector_4
                0x0000008e                __vector_9
                0x0000008e                __vector_15
                0x0000008e                __vector_8
                0x0000008e                __vector_14
                0x0000008e                __vector_10
                0x0000008e                __vector_16
                0x0000008e                __vector_18
                0x0000008e                __vector_20
                0x00000092                . = ALIGN (0x2)
 *(.text.*)
 .text.SeventSegment_void_BCD_Display
                0x00000092       0xc4 HAL/SevenSegment/SevenSegment.o
                0x00000092                SeventSegment_void_BCD_Display
 .text.main     0x00000156       0x34 main.o
                0x00000156                main
 .text.DIO_voidInitPin
                0x0000018a      0x1fa MCAL/DIO/DIO.o
 .text.DIO_voidInit
                0x00000384       0x20 MCAL/DIO/DIO.o
                0x00000384                DIO_voidInit
 .text.DIO_voidWritePin
                0x000003a4      0x10a MCAL/DIO/DIO.o
                0x000003a4                DIO_voidWritePin
 .text.DIO_voidWritePort
                0x000004ae       0x20 MCAL/DIO/DIO.o
                0x000004ae                DIO_voidWritePort
 .text.EXI_voidEnable
                0x000004ce       0x24 MCAL/External_Interrupt/EX_Interrupt.o
                0x000004ce                EXI_voidEnable
 .text.EXI_voidTriggerEdge
                0x000004f2       0xc0 MCAL/External_Interrupt/EX_Interrupt.o
                0x000004f2                EXI_voidTriggerEdge
 .text.__vector_1
                0x000005b2       0x52 MCAL/External_Interrupt/EX_Interrupt.o
                0x000005b2                __vector_1
 .text.__vector_2
                0x00000604       0x52 MCAL/External_Interrupt/EX_Interrupt.o
                0x00000604                __vector_2
 .text.__vector_3
                0x00000656       0x52 MCAL/External_Interrupt/EX_Interrupt.o
                0x00000656                __vector_3
                0x000006a8                . = ALIGN (0x2)
 *(.fini9)
 .fini9         0x000006a8        0x0 c:/program files (x86)/atmel/studio/7.0/toolchain/avr8/avr8-gnu-toolchain/bin/../lib/gcc/avr/5.4.0/avr5\libgcc.a(_exit.o)
                0x000006a8                _exit
                0x000006a8                exit
 *(.fini9)
 *(.fini8)
 *(.fini8)
 *(.fini7)
 *(.fini7)
 *(.fini6)
 *(.fini6)
 *(.fini5)
 *(.fini5)
 *(.fini4)
 *(.fini4)
 *(.fini3)
 *(.fini3)
 *(.fini2)
 *(.fini2)
 *(.fini1)
 *(.fini1)
 *(.fini0)
 .fini0         0x000006a8        0x4 c:/program files (x86)/atmel/studio/7.0/toolchain/avr8/avr8-gnu-toolchain/bin/../lib/gcc/avr/5.4.0/avr5\libgcc.a(_exit.o)
 *(.fini0)
                0x000006ac                _etext = .

.data           0x00800060       0x30 load address 0x000006ac
                0x00800060                PROVIDE (__data_start, .)
 *(.data)
 *(.data*)
 *(.gnu.linkonce.d*)
 *(.rodata)
 .rodata        0x00800060        0xf HAL/SevenSegment/SevenSegment.o
 *(.rodata*)
 .rodata.PinsStatusArray
                0x0080006f       0x20 MCAL/DIO/DIO_Cfg.o
                0x0080006f                PinsStatusArray
 *(.gnu.linkonce.r*)
                0x00800090                . = ALIGN (0x2)
 *fill*         0x0080008f        0x1 
                0x00800090                _edata = .
                0x00800090                PROVIDE (__data_end, .)

.bss            0x00800090        0x6
                0x00800090                PROVIDE (__bss_start, .)
 *(.bss)
 *(.bss*)
 .bss.INT2_Fptr
                0x00800090        0x2 MCAL/External_Interrupt/EX_Interrupt.o
 .bss.INT1_Fptr
                0x00800092        0x2 MCAL/External_Interrupt/EX_Interrupt.o
 .bss.INT0_Fptr
                0x00800094        0x2 MCAL/External_Interrupt/EX_Interrupt.o
 *(COMMON)
                0x00800096                PROVIDE (__bss_end, .)
                0x000006ac                __data_load_start = LOADADDR (.data)
                0x000006dc                __data_load_end = (__data_load_start + SIZEOF (.data))

.noinit         0x00800096        0x0
                [!provide]                PROVIDE (__noinit_start, .)
 *(.noinit*)
                [!provide]                PROVIDE (__noinit_end, .)
                0x00800096                _end = .
                [!provide]                PROVIDE (__heap_start, .)

.eeprom         0x00810000        0x0
 *(.eeprom*)
                0x00810000                __eeprom_end = .

.fuse
 *(.fuse)
 *(.lfuse)
 *(.hfuse)
 *(.efuse)

.lock
 *(.lock*)

.signature
 *(.signature*)

.user_signatures
 *(.user_signatures*)

.stab
 *(.stab)

.stabstr
 *(.stabstr)

.stab.excl
 *(.stab.excl)

.stab.exclstr
 *(.stab.exclstr)

.stab.index
 *(.stab.index)

.stab.indexstr
 *(.stab.indexstr)

.comment        0x00000000       0x30
 *(.comment)
 .comment       0x00000000       0x30 HAL/SevenSegment/SevenSegment.o
                                 0x31 (size before relaxing)
 .comment       0x00000030       0x31 main.o
 .comment       0x00000030       0x31 MCAL/DIO/DIO.o
 .comment       0x00000030       0x31 MCAL/DIO/DIO_Cfg.o
 .comment       0x00000030       0x31 MCAL/External_Interrupt/EX_Interrupt.o

.note.gnu.avr.deviceinfo
                0x00000000       0x3c
 .note.gnu.avr.deviceinfo
                0x00000000       0x3c C:/Program Files (x86)/Atmel/Studio/7.0/Packs/atmel/ATmega_DFP/1.7.374/gcc/dev/atmega32/avr5/crtatmega32.o

.note.gnu.build-id
 *(.note.gnu.build-id)

.debug
 *(.debug)

.line
 *(.line)

.debug_srcinfo
 *(.debug_srcinfo)

.debug_sfnames
 *(.debug_sfnames)

.debug_aranges  0x00000000      0x110
 *(.debug_aranges)
 .debug_aranges
                0x00000000       0x30 HAL/SevenSegment/SevenSegment.o
 .debug_aranges
                0x00000030       0x20 main.o
 .debug_aranges
                0x00000050       0x50 MCAL/DIO/DIO.o
 .debug_aranges
                0x000000a0       0x18 MCAL/DIO/DIO_Cfg.o
 .debug_aranges
                0x000000b8       0x58 MCAL/External_Interrupt/EX_Interrupt.o

.debug_pubnames
 *(.debug_pubnames)

.debug_info     0x00000000     0x1328
 *(.debug_info .gnu.linkonce.wi.*)
 .debug_info    0x00000000      0x4e6 C:/Program Files (x86)/Atmel/Studio/7.0/Packs/atmel/ATmega_DFP/1.7.374/gcc/dev/atmega32/avr5/crtatmega32.o
 .debug_info    0x000004e6      0x3b3 HAL/SevenSegment/SevenSegment.o
 .debug_info    0x00000899      0x1ff main.o
 .debug_info    0x00000a98      0x4c9 MCAL/DIO/DIO.o
 .debug_info    0x00000f61      0x178 MCAL/DIO/DIO_Cfg.o
 .debug_info    0x000010d9      0x24f MCAL/External_Interrupt/EX_Interrupt.o

.debug_abbrev   0x00000000      0xa1f
 *(.debug_abbrev)
 .debug_abbrev  0x00000000      0x4a3 C:/Program Files (x86)/Atmel/Studio/7.0/Packs/atmel/ATmega_DFP/1.7.374/gcc/dev/atmega32/avr5/crtatmega32.o
 .debug_abbrev  0x000004a3      0x128 HAL/SevenSegment/SevenSegment.o
 .debug_abbrev  0x000005cb      0x14b main.o
 .debug_abbrev  0x00000716      0x1c6 MCAL/DIO/DIO.o
 .debug_abbrev  0x000008dc       0x6a MCAL/DIO/DIO_Cfg.o
 .debug_abbrev  0x00000946       0xd9 MCAL/External_Interrupt/EX_Interrupt.o

.debug_line     0x00000000      0x9f6
 *(.debug_line .debug_line.* .debug_line_end)
 .debug_line    0x00000000      0x116 C:/Program Files (x86)/Atmel/Studio/7.0/Packs/atmel/ATmega_DFP/1.7.374/gcc/dev/atmega32/avr5/crtatmega32.o
 .debug_line    0x00000116      0x147 HAL/SevenSegment/SevenSegment.o
 .debug_line    0x0000025d      0x18f main.o
 .debug_line    0x000003ec      0x36d MCAL/DIO/DIO.o
 .debug_line    0x00000759       0x46 MCAL/DIO/DIO_Cfg.o
 .debug_line    0x0000079f      0x257 MCAL/External_Interrupt/EX_Interrupt.o

.debug_frame    0x00000000      0x278
 *(.debug_frame)
 .debug_frame   0x00000000       0x5c HAL/SevenSegment/SevenSegment.o
 .debug_frame   0x0000005c       0x24 main.o
 .debug_frame   0x00000080       0x8c MCAL/DIO/DIO.o
 .debug_frame   0x0000010c      0x16c MCAL/External_Interrupt/EX_Interrupt.o

.debug_str      0x00000000      0x714
 *(.debug_str)
 .debug_str     0x00000000      0x196 C:/Program Files (x86)/Atmel/Studio/7.0/Packs/atmel/ATmega_DFP/1.7.374/gcc/dev/atmega32/avr5/crtatmega32.o
 .debug_str     0x00000196      0x2c1 HAL/SevenSegment/SevenSegment.o
                                0x2f5 (size before relaxing)
 .debug_str     0x00000457       0xd8 main.o
                                0x253 (size before relaxing)
 .debug_str     0x0000052f       0xf9 MCAL/DIO/DIO.o
                                0x32c (size before relaxing)
 .debug_str     0x00000628       0x16 MCAL/DIO/DIO_Cfg.o
                                0x24c (size before relaxing)
 .debug_str     0x0000063e       0xd6 MCAL/External_Interrupt/EX_Interrupt.o
                                0x274 (size before relaxing)

.debug_loc      0x00000000      0xeb7
 *(.debug_loc)
 .debug_loc     0x00000000      0x158 HAL/SevenSegment/SevenSegment.o
 .debug_loc     0x00000158       0x6c main.o
 .debug_loc     0x000001c4      0x8d1 MCAL/DIO/DIO.o
 .debug_loc     0x00000a95      0x422 MCAL/External_Interrupt/EX_Interrupt.o

.debug_macinfo
 *(.debug_macinfo)

.debug_weaknames
 *(.debug_weaknames)

.debug_funcnames
 *(.debug_funcnames)

.debug_typenames
 *(.debug_typenames)

.debug_varnames
 *(.debug_varnames)

.debug_pubtypes
 *(.debug_pubtypes)

.debug_ranges   0x00000000       0xb8
 *(.debug_ranges)
 .debug_ranges  0x00000000       0x20 HAL/SevenSegment/SevenSegment.o
 .debug_ranges  0x00000020       0x10 main.o
 .debug_ranges  0x00000030       0x40 MCAL/DIO/DIO.o
 .debug_ranges  0x00000070       0x48 MCAL/External_Interrupt/EX_Interrupt.o

.debug_macro
 *(.debug_macro)
OUTPUT(NTI_AVR.elf elf32-avr)
LOAD linker stubs
